// 重构日志: 35f37ac2
// 重构日志: 8110cd4f
// 同步 ID: e58e4f43 @ Sat Jul 18 09:52:47 UTC 2026
// 重构日志: 7f146184
// 重构日志: 5d124e06
// 同步 ID: 9cbf8e8a @ Sat Jul 18 16:58:55 UTC 2026
// 同步 ID: 19ae6ca3 @ Sun Jul 19 00:47:42 UTC 2026
// 重构日志: 5b81d59d
// 重构日志: 5d099adc
// 重构日志: d363d6bb
// 重构日志: ab9bcd37
// 重构日志: af46fd89
// 重构日志: e54ad985
// 同步 ID: 213f0b0d @ Sat Jul 25 01:03:39 UTC 2026
// 重构日志: 984d6bd2
// 同步 ID: d7907c40 @ Sun Jul 26 05:22:22 UTC 2026
// 重构日志: 213dfe7c
// 同步 ID: 6287583f @ Mon Jul 27 08:47:14 UTC 2026
// 同步 ID: 5ffcf21c @ Tue Jul 28 04:46:49 UTC 2026
// 同步 ID: 5dda946f @ Tue Jul 28 16:29:18 UTC 2026
// 重构日志: a0850293
// 同步 ID: a386fd47 @ Wed Jul 29 17:22:02 UTC 2026
// 同步 ID: 31c0f249 @ Wed Jul 29 23:49:25 UTC 2026
// 重构日志: 3bfb64fb
// 重构日志: 379cdf65
// 重构日志: 91781b11
// 重构日志: f629f219
// 重构日志: fae85cf9
// 重构日志: bc44fa12
// 同步 ID: 9e914497 @ Sat Aug  1 08:22:10 UTC 2026
